; <<>> godig <<>> example.test. TXT
;; Got answer:
;; ->>HEADER<<- opcode: QUERY, status: NOERROR, id: 258
;; flags: qr aa rd; QUERY: 1, ANSWER: 1, AUTHORITY: 0, ADDITIONAL: 1

;; OPT PSEUDOSECTION:
; EDNS: version: 0, flags:; udp: 1232

;; QUESTION SECTION:
;example.test.		IN	TXT

;; ANSWER SECTION:
example.test.		60	IN	TXT	"v=spf1 -all" "second \"quoted\" part"

;; Query time: 3 msec
;; SERVER: 127.0.0.1#PORT(127.0.0.1) (UDP)
;; WHEN: Tue Sep 29 12:00:00 UTC 2026
;; MSG SIZE  rcvd: 86
